// Jest Snapshot v1, https://goo.gl/fbAQLP

exports[`CustomButton component renders correctly if title prop set 1`] = `
<View
  style={
    Array [
      Object {
        "backgroundColor": "transparent",
        "marginLeft": 15,
        "marginRight": 15,
      },
      undefined,
      undefined,
    ]
  }
>
  <View
    accessibilityComponentType={undefined}
    accessibilityLabel={undefined}
    accessibilityTraits={undefined}
    accessible={true}
    hasTVPreferredFocus={undefined}
    hitSlop={undefined}
    isTVSelectable={true}
    nativeID={undefined}
    onLayout={undefined}
    onResponderGrant={[Function]}
    onResponderMove={[Function]}
    onResponderRelease={[Function]}
    onResponderTerminate={[Function]}
    onResponderTerminationRequest={[Function]}
    onStartShouldSetResponder={[Function]}
    style={
      Array [
        Object {
          "backgroundColor": "transparent",
        },
        undefined,
      ]
    }
    testID={undefined}
    tvParallaxProperties={undefined}
  >
    <View
      style={
        Array [
          Object {
            "alignItems": "center",
            "backgroundColor": "#9E9E9E",
            "flexDirection": "row",
            "justifyContent": "center",
            "padding": 19,
          },
          undefined,
          undefined,
          undefined,
          undefined,
          undefined,
          Object {
            "backgroundColor": "#86b200",
          },
          undefined,
          Object {
            "padding": 12,
          },
          undefined,
          undefined,
          undefined,
          undefined,
          undefined,
          undefined,
        ]
      }
    >
      <Text
        accessible={true}
        allowFontScaling={true}
        disabled={false}
        ellipsizeMode="tail"
        style={
          Array [
            Object {},
            undefined,
            undefined,
            undefined,
            undefined,
            undefined,
            undefined,
            undefined,
            undefined,
            undefined,
            Array [
              Object {
                "color": "white",
                "fontSize": 20,
              },
              undefined,
              Object {
                "fontSize": 17.5,
              },
              undefined,
              undefined,
              Object {
                "fontWeight": "bold",
              },
              undefined,
            ],
          ]
        }
      >
        new button
      </Text>
    </View>
  </View>
</View>
`;
